// Jest Snapshot v1, https://goo.gl/fbAQLP

exports[`Renders without crashing 1`] = `
<div>
  <div
    class="container container-center"
  >
    <div>
      <div
        class="css-1pcexqc-container basic-single mb-1 mt-3 w-600"
      >
        <div
          class="css-bg1rzq-control select__control"
        >
          <div
            class="css-1hwfws3 select__value-container"
          >
            <div
              class="css-151xaom-placeholder select__placeholder"
            >
              Selecione seu estado...
            </div>
            <div
              class="css-1g6gooi"
            >
              <div
                class="select__input"
                style="display: inline-block;"
              >
                <input
                  aria-autocomplete="list"
                  autocapitalize="none"
                  autocomplete="off"
                  autocorrect="off"
                  id="react-select-2-input"
                  spellcheck="false"
                  style="box-sizing: content-box; width: 2px; border: 0px; font-size: inherit; opacity: 1; outline: 0; padding: 0px;"
                  tabindex="0"
                  type="text"
                  value=""
                />
                <div
                  style="position: absolute; top: 0px; left: 0px; visibility: hidden; height: 0px; overflow: scroll; white-space: pre; font-size: inherit; font-family: -webkit-small-control; letter-spacing: normal; text-transform: none;"
                />
              </div>
            </div>
          </div>
          <div
            class="css-1wy0on6 select__indicators"
          >
            <span
              class="css-bgvzuu-indicatorSeparator select__indicator-separator"
            />
            <div
              aria-hidden="true"
              class="css-16pqwjk-indicatorContainer select__indicator select__dropdown-indicator"
            >
              <svg
                aria-hidden="true"
                class="css-19bqh2r"
                focusable="false"
                height="20"
                viewBox="0 0 20 20"
                width="20"
              >
                <path
                  d="M4.516 7.548c0.436-0.446 1.043-0.481 1.576 0l3.908 3.747 3.908-3.747c0.533-0.481 1.141-0.446 1.574 0 0.436 0.445 0.408 1.197 0 1.615-0.406 0.418-4.695 4.502-4.695 4.502-0.217 0.223-0.502 0.335-0.787 0.335s-0.57-0.112-0.789-0.335c0 0-4.287-4.084-4.695-4.502s-0.436-1.17 0-1.615z"
                />
              </svg>
            </div>
          </div>
        </div>
      </div>
      <div
        class="css-ssi0ig-container basic-single mb-1 w-600 select--is-disabled"
      >
        <div
          class="css-14ojxsb-control select__control select__control--is-disabled"
        >
          <div
            class="css-1hwfws3 select__value-container"
          >
            <div
              class="css-151xaom-placeholder select__placeholder"
            >
              Selecione sua cidade...
            </div>
            <div
              class="css-1g6gooi"
            >
              <div
                class="select__input"
                style="display: inline-block;"
              >
                <input
                  aria-autocomplete="list"
                  autocapitalize="none"
                  autocomplete="off"
                  autocorrect="off"
                  disabled=""
                  id="react-select-3-input"
                  spellcheck="false"
                  style="box-sizing: content-box; width: 2px; border: 0px; font-size: inherit; opacity: 1; outline: 0; padding: 0px;"
                  tabindex="0"
                  type="text"
                  value=""
                />
                <div
                  style="position: absolute; top: 0px; left: 0px; visibility: hidden; height: 0px; overflow: scroll; white-space: pre; font-size: inherit; font-family: -webkit-small-control; letter-spacing: normal; text-transform: none;"
                />
              </div>
            </div>
          </div>
          <div
            class="css-1wy0on6 select__indicators"
          >
            <span
              class="css-622gbt-indicatorSeparator select__indicator-separator"
            />
            <div
              aria-hidden="true"
              class="css-16pqwjk-indicatorContainer select__indicator select__dropdown-indicator"
            >
              <svg
                aria-hidden="true"
                class="css-19bqh2r"
                focusable="false"
                height="20"
                viewBox="0 0 20 20"
                width="20"
              >
                <path
                  d="M4.516 7.548c0.436-0.446 1.043-0.481 1.576 0l3.908 3.747 3.908-3.747c0.533-0.481 1.141-0.446 1.574 0 0.436 0.445 0.408 1.197 0 1.615-0.406 0.418-4.695 4.502-4.695 4.502-0.217 0.223-0.502 0.335-0.787 0.335s-0.57-0.112-0.789-0.335c0 0-4.287-4.084-4.695-4.502s-0.436-1.17 0-1.615z"
                />
              </svg>
            </div>
          </div>
        </div>
      </div>
      <div
        class="landing-panel"
      >
        <span>
          Busque pela sua cidade e veja se vai precisar passar protetor solar.
        </span>
        <img
          alt="sol"
          class="icon"
          src="/img/1.svg"
        />
        <span>
          Se vai precisar de um guarda-chuva.
        </span>
        <img
          alt="chuva"
          class="icon"
          src="/img/6.svg"
        />
        <span>
          Ou se Ã© melhor levar um casaco.
        </span>
        <img
          alt="neve"
          class="icon"
          src="/img/7.svg"
        />
      </div>
    </div>
  </div>
</div>
`;

exports[`renders without crashing 1`] = `
<div>
  <div
    class="container container-center"
  >
    <div>
      <div
        class="css-1pcexqc-container basic-single mb-1 mt-3 w-600"
      >
        <div
          class="css-bg1rzq-control select__control"
        >
          <div
            class="css-1hwfws3 select__value-container"
          >
            <div
              class="css-151xaom-placeholder select__placeholder"
            >
              Selecione seu estado...
            </div>
            <div
              class="css-1g6gooi"
            >
              <div
                class="select__input"
                style="display: inline-block;"
              >
                <input
                  aria-autocomplete="list"
                  autocapitalize="none"
                  autocomplete="off"
                  autocorrect="off"
                  id="react-select-2-input"
                  spellcheck="false"
                  style="box-sizing: content-box; width: 2px; border: 0px; font-size: inherit; opacity: 1; outline: 0; padding: 0px;"
                  tabindex="0"
                  type="text"
                  value=""
                />
                <div
                  style="position: absolute; top: 0px; left: 0px; visibility: hidden; height: 0px; overflow: scroll; white-space: pre; font-size: inherit; font-family: -webkit-small-control; letter-spacing: normal; text-transform: none;"
                />
              </div>
            </div>
          </div>
          <div
            class="css-1wy0on6 select__indicators"
          >
            <span
              class="css-bgvzuu-indicatorSeparator select__indicator-separator"
            />
            <div
              aria-hidden="true"
              class="css-16pqwjk-indicatorContainer select__indicator select__dropdown-indicator"
            >
              <svg
                aria-hidden="true"
                class="css-19bqh2r"
                focusable="false"
                height="20"
                viewBox="0 0 20 20"
                width="20"
              >
                <path
                  d="M4.516 7.548c0.436-0.446 1.043-0.481 1.576 0l3.908 3.747 3.908-3.747c0.533-0.481 1.141-0.446 1.574 0 0.436 0.445 0.408 1.197 0 1.615-0.406 0.418-4.695 4.502-4.695 4.502-0.217 0.223-0.502 0.335-0.787 0.335s-0.57-0.112-0.789-0.335c0 0-4.287-4.084-4.695-4.502s-0.436-1.17 0-1.615z"
                />
              </svg>
            </div>
          </div>
        </div>
      </div>
      <div
        class="css-ssi0ig-container basic-single mb-1 w-600 select--is-disabled"
      >
        <div
          class="css-14ojxsb-control select__control select__control--is-disabled"
        >
          <div
            class="css-1hwfws3 select__value-container"
          >
            <div
              class="css-151xaom-placeholder select__placeholder"
            >
              Selecione sua cidade...
            </div>
            <div
              class="css-1g6gooi"
            >
              <div
                class="select__input"
                style="display: inline-block;"
              >
                <input
                  aria-autocomplete="list"
                  autocapitalize="none"
                  autocomplete="off"
                  autocorrect="off"
                  disabled=""
                  id="react-select-3-input"
                  spellcheck="false"
                  style="box-sizing: content-box; width: 2px; border: 0px; font-size: inherit; opacity: 1; outline: 0; padding: 0px;"
                  tabindex="0"
                  type="text"
                  value=""
                />
                <div
                  style="position: absolute; top: 0px; left: 0px; visibility: hidden; height: 0px; overflow: scroll; white-space: pre; font-size: inherit; font-family: -webkit-small-control; letter-spacing: normal; text-transform: none;"
                />
              </div>
            </div>
          </div>
          <div
            class="css-1wy0on6 select__indicators"
          >
            <span
              class="css-622gbt-indicatorSeparator select__indicator-separator"
            />
            <div
              aria-hidden="true"
              class="css-16pqwjk-indicatorContainer select__indicator select__dropdown-indicator"
            >
              <svg
                aria-hidden="true"
                class="css-19bqh2r"
                focusable="false"
                height="20"
                viewBox="0 0 20 20"
                width="20"
              >
                <path
                  d="M4.516 7.548c0.436-0.446 1.043-0.481 1.576 0l3.908 3.747 3.908-3.747c0.533-0.481 1.141-0.446 1.574 0 0.436 0.445 0.408 1.197 0 1.615-0.406 0.418-4.695 4.502-4.695 4.502-0.217 0.223-0.502 0.335-0.787 0.335s-0.57-0.112-0.789-0.335c0 0-4.287-4.084-4.695-4.502s-0.436-1.17 0-1.615z"
                />
              </svg>
            </div>
          </div>
        </div>
      </div>
      <div
        class="landing-panel"
      >
        <span>
          Busque pela sua cidade e veja se vai precisar passar protetor solar.
        </span>
        <img
          alt="sol"
          class="icon"
          src="/img/1.svg"
        />
        <span>
          Se vai precisar de um guarda-chuva.
        </span>
        <img
          alt="chuva"
          class="icon"
          src="/img/6.svg"
        />
        <span>
          Ou se Ã© melhor levar um casaco.
        </span>
        <img
          alt="neve"
          class="icon"
          src="/img/7.svg"
        />
      </div>
    </div>
  </div>
</div>
`;
